-------------------------------------------------------------------------------
      name:  <unnamed>
       log:  C:/Users/lcastillo/Music/TAREA 2/log/P4_bootstrap.log
  log type:  text
 opened on:  28 Sep 2026, 21:18:39

. 
. global x "educ_anios edad edad2 rural mujer"

. global corre_4 1                  // 1 = estima bootstrap y jackknife (tarda 
> ~2 horas); 0 = solo arma los cuadros

. set seed 20261005

. 
. * Exportación de cuadros (mismos programas de los problemas anteriores)
. capture program drop estilo_cuadro

. program define estilo_cuadro
  1.     syntax [, SIZE(integer 9)]
  2.     collect style header result, level(hide)
  3.     collect style cell border_block, border(right, pattern(nil))
  4.     collect style cell cell_type[column-header corner], font(, bold) shadi
> ng(background(D9D9D9))   // formato C: encabezado gris y en negrita
  5.     collect style cell cell_type[column-header], halign(center)
  6.     collect style cell, font("Times New Roman", size(`size'))
  7.     capture noisily collect style title, font("Times New Roman", size(10))
  8. end

. capture program drop exporta_cuadro

. program define exporta_cuadro
  1.     syntax, ARchivo(string) NOta(string) FUente(string)
  2.     collect export "`archivo'.xlsx", replace
  3.     putdocx clear
  4.     putdocx begin, font("Times New Roman", 10)
  5.     putdocx collect
  6.     putdocx paragraph
  7.     putdocx text ("`nota'"), font("Times New Roman", 8)
  8.     putdocx paragraph
  9.     putdocx text ("`fuente'"), font("Times New Roman", 8)
 10.     putdocx save "`archivo'.docx", replace
 11. end

. 
. * Bases de trabajo
. use ln_w educ_anios edad rural mujer muestra_w year ///
>     using "$data/construidas/enigh_limpia_salarios.dta" if muestra_w & year =
> = 2024, clear

. gen int edad2 = edad^2

. compress
  (0 bytes saved)

. save "$data/construidas/p4_enigh2024.dta", replace
file C:/Users/lcastillo/Music/TAREA 2/data/construidas/p4_enigh2024.dta saved

. use ln_w educ_anios edad rural mujer muestra_w year trimestre ///
>     using "$data/construidas/enoe_limpia_salarios.dta" if muestra_w & year ==
>  2026 & trimestre == 2, clear

. gen int edad2 = edad^2

. compress
  (0 bytes saved)

. save "$data/construidas/p4_enoe2026t2.dta", replace
file C:/Users/lcastillo/Music/TAREA 2/data/construidas/p4_enoe2026t2.dta
    saved

. 
. 
. /*===========================================================================
> ===
>   Programa que hace todo el ejercicio para una base:
>     (a)  bootstrap no paramétrico con 100 y 1,000 repeticiones (comando boots
> trap)
>     (b)  jackknife (comando jackknife)
>     (c)  bootstrap con submuestras de 0.25 N (opción size())
>     (d)  jackknife con una submuestra aleatoria de 0.25 N
>   y lo guarda en una base de resultados (un renglón por método y coeficiente)
> .
>   Para cada coeficiente se guardan: coeficiente de MCO, error estándar
>   (robusto o de remuestreo), IC percentil al 95% y IC percentil-t al 95%.
> =============================================================================
> =*/
. capture program drop percentil_t

. program define percentil_t, rclass
  1.     * Recibe una base con b_v y se_v por réplica; devuelve cuantiles 2.5 y
>  97.5 de t*
.     syntax, v(string) b(real) se(real)
  2.     tempvar t
  3.     gen double `t' = (b_`v' - `b') / se_`v'
  4.     _pctile `t', percentiles(2.5 97.5)
  5.     return scalar lo = `b' - r(r2) * `se'
  6.     return scalar hi = `b' - r(r1) * `se'
  7. end

. 
. capture program drop ejercicio

. program define ejercicio
  1.     syntax, BASE(string) ETiq(string) RES(string)
  2.     use "`base'", clear
  3.     local N = _N
  4.     tempname pf
  5.     postfile `pf' str12 metodo int reps str10 var double(b se lo_p hi_p lo
> _t hi_t tstat) using "`res'", replace
  6. 
.     * --- MCO con errores robustos (referencia)
.     regress ln_w $x, vce(robust)
  7.     foreach v of global x {
  8.         local b_`v'  = _b[`v']
  9.         local se_`v' = _se[`v']
 10.         post `pf' ("MCO robusto") (0) ("`v'") (_b[`v']) (_se[`v']) ///
>             (_b[`v'] - invttail(e(df_r), .025) * _se[`v']) (_b[`v'] + invttai
> l(e(df_r), .025) * _se[`v']) (.) (.) (_b[`v'] / _se[`v'])
 11.     }
 12. 
.     * --- (a) y (c): bootstrap con N y con 0.25 N; 100 y 1,000 repeticiones
.     foreach tam in N m {
 13.         local sz = cond("`tam'" == "N", `N', floor(`N' / 4))
 14.         local nombre = cond("`tam'" == "N", "Bootstrap", "Bootstrap m")
 15.         foreach R in 100 1000 {
 16.             tempfile rep
 17.             quietly bootstrap _b _se, reps(`R') size(`sz') saving(`rep', r
> eplace) nodots: regress ln_w $x, vce(robust)
 18.             preserve
 19.                 use `rep', clear
 20.                 foreach v of global x {
 21.                     rename _b_`v' b_`v'
 22.                     rename _se_`v' se_`v'
 23.                     quietly summarize b_`v'
 24.                     local seb = r(sd)
 25.                     _pctile b_`v', percentiles(2.5 97.5)
 26.                     local lp = r(r1)
 27.                     local hp = r(r2)
 28.                     percentil_t, v(`v') b(`b_`v'') se(`se_`v'')
 29.                     post `pf' ("`nombre'") (`R') ("`v'") (`b_`v'') (`seb')
>  (`lp') (`hp') (r(lo)) (r(hi)) (`b_`v'' / `seb')
 30.                 }
 31.             restore
 32.         }
 33.     }
 34. 
.     * --- (b) jackknife (dejar fuera una observación a la vez)
.     quietly jackknife _b, nodots: regress ln_w $x
 35.     foreach v of global x {
 36.         local sej = _se[`v']
 37.         post `pf' ("Jackknife") (`N') ("`v'") (`b_`v'') (`sej') ///
>             (`b_`v'' - invnormal(.975) * `sej') (`b_`v'' + invnormal(.975) * 
> `sej') (.) (.) (`b_`v'' / `sej')
 38.     }
 39. 
.     * --- (d) jackknife con una submuestra aleatoria de 0.25 N
.     preserve
 40.         sample 25
 41.         local n25 = _N
 42.         quietly regress ln_w $x
 43.         foreach v of global x {
 44.             local b25_`v' = _b[`v']
 45.         }
 46.         quietly jackknife _b, nodots: regress ln_w $x
 47.         foreach v of global x {
 48.             local sej = _se[`v']
 49.             post `pf' ("Jackknife m") (`n25') ("`v'") (`b25_`v'') (`sej') 
> ///
>                 (`b25_`v'' - invnormal(.975) * `sej') (`b25_`v'' + invnormal(
> .975) * `sej') (.) (.) (`b25_`v'' / `sej')
 50.         }
 51.     restore
 52.     postclose `pf'
 53.     use "`res'", clear
 54.     gen str10 base = "`etiq'"
 55.     save "`res'", replace
 56. end

. 
. 
. /*===========================================================================
> ===
>   4.2 ENIGH 2024 con los comandos bootstrap y jackknife
> =============================================================================
> =*/
. if $corre_4 {
.     ejercicio, base("$data/construidas/p4_enigh2024.dta") etiq("ENIGH") res("
> $data/construidas/p4_res_enigh_comandos.dta")

Linear regression                               Number of obs     =    109,063
                                                F(5, 109057)      =    4232.72
                                                Prob > F          =     0.0000
                                                R-squared         =     0.1964
                                                Root MSE          =     .78684

------------------------------------------------------------------------------
             |               Robust
        ln_w | Coefficient  std. err.      t    P>|t|     [95% conf. interval]
-------------+----------------------------------------------------------------
  educ_anios |    .073302   .0006301   116.34   0.000      .072067    .0745369
        edad |   .0445446   .0018891    23.58   0.000     .0408419    .0482473
       edad2 |  -.0004958   .0000221   -22.41   0.000    -.0005392   -.0004525
       rural |  -.2450505   .0055075   -44.49   0.000     -.255845    -.234256
       mujer |  -.2332447    .004962   -47.01   0.000    -.2429701   -.2235193
       _cons |   2.333093   .0396281    58.87   0.000     2.255422    2.410763
------------------------------------------------------------------------------
(bootstrap: regress)
(bootstrap: regress)
(bootstrap: regress)
(bootstrap: regress)
(81,797 observations deleted)
file C:/Users/lcastillo/Music/TAREA
    2/data/construidas/p4_res_enigh_comandos.dta saved
.     use "$data/construidas/p4_res_enigh_comandos.dta", clear
.     list metodo reps var b se lo_p hi_p lo_t hi_t tstat, noobs sepby(metodo r
> eps) abbreviate(8)

  +------------------------------------------------------------------------+
  |      metodo |  reps |        var |          b |        se |       lo_p |
  | MCO robusto |     0 | educ_anios |  .07330195 | .00063007 |  .07206703 |
  |------------------------------------------------------------------------|
  |         hi_p    |         lo_t    |         hi_t    |         tstat    |
  |    .07453688    |            .    |            .    |     116.33995    |
  +------------------------------------------------------------------------+

  +------------------------------------------------------------------------+
  |      metodo |  reps |        var |          b |        se |       lo_p |
  | MCO robusto |     0 |       edad |  .04454464 | .00188915 |  .04084193 |
  |------------------------------------------------------------------------|
  |         hi_p    |         lo_t    |         hi_t    |         tstat    |
  |    .04824734    |            .    |            .    |     23.579221    |
  +------------------------------------------------------------------------+

  +------------------------------------------------------------------------+
  |      metodo |  reps |        var |          b |        se |       lo_p |
  | MCO robusto |     0 |      edad2 | -.00049582 | .00002213 | -.00053919 |
  |------------------------------------------------------------------------|
  |         hi_p    |         lo_t    |         hi_t    |         tstat    |
  |   -.00045246    |            .    |            .    |    -22.409422    |
  +------------------------------------------------------------------------+

  +------------------------------------------------------------------------+
  |      metodo |  reps |        var |          b |        se |       lo_p |
  | MCO robusto |     0 |      rural | -.24505051 | .00550746 | -.25584505 |
  |------------------------------------------------------------------------|
  |         hi_p    |         lo_t    |         hi_t    |         tstat    |
  |   -.23425597    |            .    |            .    |    -44.494302    |
  +------------------------------------------------------------------------+

  +------------------------------------------------------------------------+
  |      metodo |  reps |        var |          b |        se |       lo_p |
  | MCO robusto |     0 |      mujer | -.23324468 | .00496198 | -.24297008 |
  |------------------------------------------------------------------------|
  |         hi_p    |         lo_t    |         hi_t    |         tstat    |
  |   -.22351928    |            .    |            .    |    -47.006398    |
  +------------------------------------------------------------------------+

  +------------------------------------------------------------------------+
  |      metodo |  reps |        var |          b |        se |       lo_p |
  |   Bootstrap |   100 | educ_anios |  .07330195 | .00059298 |  .07228343 |
  |------------------------------------------------------------------------|
  |         hi_p    |         lo_t    |         hi_t    |         tstat    |
  |    .07450774    |    .07208759    |    .07433381    |     123.61692    |
  +------------------------------------------------------------------------+

  +------------------------------------------------------------------------+
  |      metodo |  reps |        var |          b |        se |       lo_p |
  |   Bootstrap |   100 |       edad |  .04454464 | .00181458 |  .04116212 |
  |------------------------------------------------------------------------|
  |         hi_p    |         lo_t    |         hi_t    |         tstat    |
  |    .04849033    |    .04062805    |    .04793061    |     24.548141    |
  +------------------------------------------------------------------------+

  +------------------------------------------------------------------------+
  |      metodo |  reps |        var |          b |        se |       lo_p |
  |   Bootstrap |   100 |      edad2 | -.00049582 | .00002135 | -.00054161 |
  |------------------------------------------------------------------------|
  |         hi_p    |         lo_t    |         hi_t    |         tstat    |
  |   -.00045816    |   -.00053361    |   -.00045042    |    -23.224911    |
  +------------------------------------------------------------------------+

  +------------------------------------------------------------------------+
  |      metodo |  reps |        var |          b |        se |       lo_p |
  |   Bootstrap |   100 |      rural | -.24505051 | .00531316 | -.25483322 |
  |------------------------------------------------------------------------|
  |         hi_p    |         lo_t    |         hi_t    |         tstat    |
  |   -.23315281    |   -.25702957    |   -.23530386    |    -46.121401    |
  +------------------------------------------------------------------------+

  +------------------------------------------------------------------------+
  |      metodo |  reps |        var |          b |        se |       lo_p |
  |   Bootstrap |   100 |      mujer | -.23324468 | .00479236 | -.24137992 |
  |------------------------------------------------------------------------|
  |         hi_p    |         lo_t    |         hi_t    |         tstat    |
  |   -.22383009    |   -.24269935    |   -.22512283    |    -48.670156    |
  +------------------------------------------------------------------------+

  +------------------------------------------------------------------------+
  |      metodo |  reps |        var |          b |        se |       lo_p |
  |   Bootstrap |  1000 | educ_anios |  .07330195 | .00060939 |  .07208541 |
  |------------------------------------------------------------------------|
  |         hi_p    |         lo_t    |         hi_t    |         tstat    |
  |     .0744771    |    .07212165    |    .07451739    |     120.28662    |
  +------------------------------------------------------------------------+

  +------------------------------------------------------------------------+
  |      metodo |  reps |        var |          b |        se |       lo_p |
  |   Bootstrap |  1000 |       edad |  .04454464 | .00194386 |  .04064453 |
  |------------------------------------------------------------------------|
  |         hi_p    |         lo_t    |         hi_t    |         tstat    |
  |    .04823175    |    .04087149    |    .04846043    |      22.91556    |
  +------------------------------------------------------------------------+

  +------------------------------------------------------------------------+
  |      metodo |  reps |        var |          b |        se |       lo_p |
  |   Bootstrap |  1000 |      edad2 | -.00049582 | .00002263 | -.00053881 |
  |------------------------------------------------------------------------|
  |         hi_p    |         lo_t    |         hi_t    |         tstat    |
  |   -.00044911    |   -.00054272    |   -.00045273    |    -21.912481    |
  +------------------------------------------------------------------------+

  +------------------------------------------------------------------------+
  |      metodo |  reps |        var |          b |        se |       lo_p |
  |   Bootstrap |  1000 |      rural | -.24505051 | .00542759 | -.25523487 |
  |------------------------------------------------------------------------|
  |         hi_p    |         lo_t    |         hi_t    |         tstat    |
  |   -.23419643    |   -.25595278    |   -.23488342    |    -45.149011    |
  +------------------------------------------------------------------------+

  +------------------------------------------------------------------------+
  |      metodo |  reps |        var |          b |        se |       lo_p |
  |   Bootstrap |  1000 |      mujer | -.23324468 | .00500694 | -.24341536 |
  |------------------------------------------------------------------------|
  |         hi_p    |         lo_t    |         hi_t    |         tstat    |
  |   -.22319955    |   -.24328549    |   -.22309206    |    -46.584307    |
  +------------------------------------------------------------------------+

  +------------------------------------------------------------------------+
  |      metodo |  reps |        var |          b |        se |       lo_p |
  | Bootstrap m |   100 | educ_anios |  .07330195 | .00123749 |  .07122338 |
  |------------------------------------------------------------------------|
  |         hi_p    |         lo_t    |         hi_t    |         tstat    |
  |    .07606298    |    .07193294    |    .07434232    |     59.234493    |
  +------------------------------------------------------------------------+

  +------------------------------------------------------------------------+
  |      metodo |  reps |        var |          b |        se |       lo_p |
  | Bootstrap m |   100 |       edad |  .04454464 | .00352801 |  .03840337 |
  |------------------------------------------------------------------------|
  |         hi_p    |         lo_t    |         hi_t    |         tstat    |
  |    .05253281    |    .04065332    |    .04763594    |     12.626001    |
  +------------------------------------------------------------------------+

  +------------------------------------------------------------------------+
  |      metodo |  reps |        var |          b |        se |       lo_p |
  | Bootstrap m |   100 |      edad2 | -.00049582 | .00004103 | -.00058207 |
  |------------------------------------------------------------------------|
  |         hi_p    |         lo_t    |         hi_t    |         tstat    |
  |   -.00042043    |   -.00053395    |   -.00045337    |    -12.084348    |
  +------------------------------------------------------------------------+

  +------------------------------------------------------------------------+
  |      metodo |  reps |        var |          b |        se |       lo_p |
  | Bootstrap m |   100 |      rural | -.24505051 | .01124731 | -.26903492 |
  |------------------------------------------------------------------------|
  |         hi_p    |         lo_t    |         hi_t    |         tstat    |
  |   -.22650859    |   -.25447519    |   -.23309533    |    -21.787473    |
  +------------------------------------------------------------------------+

  +------------------------------------------------------------------------+
  |      metodo |  reps |        var |          b |        se |       lo_p |
  | Bootstrap m |   100 |      mujer | -.23324468 | .00967092 | -.24927609 |
  |------------------------------------------------------------------------|
  |         hi_p    |         lo_t    |         hi_t    |         tstat    |
  |   -.21333936    |   -.24323045    |   -.22523102    |    -24.118155    |
  +------------------------------------------------------------------------+

  +------------------------------------------------------------------------+
  |      metodo |  reps |        var |          b |        se |       lo_p |
  | Bootstrap m |  1000 | educ_anios |  .07330195 | .00127506 |  .07079114 |
  |------------------------------------------------------------------------|
  |         hi_p    |         lo_t    |         hi_t    |         tstat    |
  |    .07587917    |    .07200098    |      .074556    |     57.488872    |
  +------------------------------------------------------------------------+

  +------------------------------------------------------------------------+
  |      metodo |  reps |        var |          b |        se |       lo_p |
  | Bootstrap m |  1000 |       edad |  .04454464 | .00376025 |  .03693036 |
  |------------------------------------------------------------------------|
  |         hi_p    |         lo_t    |         hi_t    |         tstat    |
  |    .05220524    |    .04071097    |    .04833937    |     11.846191    |
  +------------------------------------------------------------------------+

  +------------------------------------------------------------------------+
  |      metodo |  reps |        var |          b |        se |       lo_p |
  | Bootstrap m |  1000 |      edad2 | -.00049582 | .00004378 | -.00058527 |
  |------------------------------------------------------------------------|
  |         hi_p    |         lo_t    |         hi_t    |         tstat    |
  |   -.00040832    |   -.00053991    |   -.00045134    |    -11.324333    |
  +------------------------------------------------------------------------+

  +------------------------------------------------------------------------+
  |      metodo |  reps |        var |          b |        se |       lo_p |
  | Bootstrap m |  1000 |      rural | -.24505051 | .01102083 |  -.2672153 |
  |------------------------------------------------------------------------|
  |         hi_p    |         lo_t    |         hi_t    |         tstat    |
  |   -.22450169    |   -.25536258    |   -.23408436    |    -22.235223    |
  +------------------------------------------------------------------------+

  +------------------------------------------------------------------------+
  |      metodo |  reps |        var |          b |        se |       lo_p |
  | Bootstrap m |  1000 |      mujer | -.23324468 | .00960879 | -.25224379 |
  |------------------------------------------------------------------------|
  |         hi_p    |         lo_t    |         hi_t    |         tstat    |
  |   -.21357629    |   -.24307761    |   -.22377601    |    -24.274085    |
  +------------------------------------------------------------------------+

  +------------------------------------------------------------------------+
  |      metodo |  reps |        var |          b |        se |       lo_p |
  |   Jackknife |     . | educ_anios |  .07330195 |  .0006301 |  .07206698 |
  |------------------------------------------------------------------------|
  |         hi_p    |         lo_t    |         hi_t    |         tstat    |
  |    .07453693    |            .    |            .    |     116.33393    |
  +------------------------------------------------------------------------+

  +------------------------------------------------------------------------+
  |      metodo |  reps |        var |          b |        se |       lo_p |
  |   Jackknife |     . |       edad |  .04454464 | .00188925 |  .04084177 |
  |------------------------------------------------------------------------|
  |         hi_p    |         lo_t    |         hi_t    |         tstat    |
  |     .0482475    |            .    |            .    |     23.577899    |
  +------------------------------------------------------------------------+

  +------------------------------------------------------------------------+
  |      metodo |  reps |        var |          b |        se |       lo_p |
  |   Jackknife |     . |      edad2 | -.00049582 | .00002213 | -.00053919 |
  |------------------------------------------------------------------------|
  |         hi_p    |         lo_t    |         hi_t    |         tstat    |
  |   -.00045246    |            .    |            .    |     -22.40805    |
  +------------------------------------------------------------------------+

  +------------------------------------------------------------------------+
  |      metodo |  reps |        var |          b |        se |       lo_p |
  |   Jackknife |     . |      rural | -.24505051 | .00550763 | -.25584527 |
  |------------------------------------------------------------------------|
  |         hi_p    |         lo_t    |         hi_t    |         tstat    |
  |   -.23425575    |            .    |            .    |    -44.492907    |
  +------------------------------------------------------------------------+

  +------------------------------------------------------------------------+
  |      metodo |  reps |        var |          b |        se |       lo_p |
  |   Jackknife |     . |      mujer | -.23324468 | .00496213 | -.24297027 |
  |------------------------------------------------------------------------|
  |         hi_p    |         lo_t    |         hi_t    |         tstat    |
  |   -.22351909    |            .    |            .    |    -47.004966    |
  +------------------------------------------------------------------------+

  +------------------------------------------------------------------------+
  |      metodo |  reps |        var |          b |        se |       lo_p |
  | Jackknife m | 27266 | educ_anios |  .07527005 | .00126417 |  .07279232 |
  |------------------------------------------------------------------------|
  |         hi_p    |         lo_t    |         hi_t    |         tstat    |
  |    .07774779    |            .    |            .    |     59.540872    |
  +------------------------------------------------------------------------+

  +------------------------------------------------------------------------+
  |      metodo |  reps |        var |          b |        se |       lo_p |
  | Jackknife m | 27266 |       edad |  .04216725 | .00378981 |  .03473936 |
  |------------------------------------------------------------------------|
  |         hi_p    |         lo_t    |         hi_t    |         tstat    |
  |    .04959515    |            .    |            .    |     11.126481    |
  +------------------------------------------------------------------------+

  +------------------------------------------------------------------------+
  |      metodo |  reps |        var |          b |        se |       lo_p |
  | Jackknife m | 27266 |      edad2 | -.00047144 | .00004447 |  -.0005586 |
  |------------------------------------------------------------------------|
  |         hi_p    |         lo_t    |         hi_t    |         tstat    |
  |   -.00038429    |            .    |            .    |    -10.602204    |
  +------------------------------------------------------------------------+

  +------------------------------------------------------------------------+
  |      metodo |  reps |        var |          b |        se |       lo_p |
  | Jackknife m | 27266 |      rural | -.23690443 | .01089525 | -.25825873 |
  |------------------------------------------------------------------------|
  |         hi_p    |         lo_t    |         hi_t    |         tstat    |
  |   -.21555012    |            .    |            .    |    -21.743819    |
  +------------------------------------------------------------------------+

  +------------------------------------------------------------------------+
  |      metodo |  reps |        var |          b |        se |       lo_p |
  | Jackknife m | 27266 |      mujer | -.24455459 | .00985768 | -.26387528 |
  |------------------------------------------------------------------------|
  |         hi_p    |         lo_t    |         hi_t    |         tstat    |
  |   -.22523391    |            .    |            .    |    -24.808546    |
  +------------------------------------------------------------------------+
. }

. 
. 
. /*===========================================================================
> ===
>   4.3 El mismo ejercicio con bsample (repeticiones programadas a mano)
>   En cada réplica se guarda coeficiente, error estándar robusto y t. El
>   jackknife se calcula con la fórmula exacta de "dejar uno fuera" de MCO:
>   b(-i) = b - (X'X)^-1 x_i e_i / (1 - h_i), sin volver a estimar N veces.
> =============================================================================
> =*/
. capture program drop manual

. program define manual
  1.     syntax, BASE(string) ETiq(string) RES(string)
  2.     use "`base'", clear
  3.     local N = _N
  4.     quietly regress ln_w $x, vce(robust)
  5.     foreach v of global x {
  6.         local b_`v'  = _b[`v']
  7.         local se_`v' = _se[`v']
  8.     }
  9.     tempname pf
 10.     postfile `pf' str12 metodo int reps str10 var double(b se lo_p hi_p lo
> _t hi_t tstat) using "`res'", replace
 11.     foreach tam in N m {
 12.         local sz = cond("`tam'" == "N", `N', floor(`N' / 4))
 13.         local nombre = cond("`tam'" == "N", "Bootstrap", "Bootstrap m")
 14.         foreach R in 100 1000 {
 15.             tempname pr
 16.             tempfile rep
 17.             postfile `pr' int r double(b_educ_anios se_educ_anios b_edad s
> e_edad b_edad2 se_edad2 b_rural se_rural b_mujer se_mujer) using `rep', repla
> ce
 18.             forvalues r = 1/`R' {
 19.                 preserve
 20.                     bsample `sz'
 21.                     quietly regress ln_w $x, vce(robust)
 22.                     post `pr' (`r') (_b[educ_anios]) (_se[educ_anios]) (_b
> [edad]) (_se[edad]) (_b[edad2]) (_se[edad2]) ///
>                         (_b[rural]) (_se[rural]) (_b[mujer]) (_se[mujer])
 23.                 restore
 24.             }
 25.             postclose `pr'
 26.             preserve
 27.                 use `rep', clear
 28.                 if "`tam'" == "N" & `R' == 1000 save "$data/construidas/p4
> _replicas_`etiq'.dta", replace
 29.                 foreach v of global x {
 30.                     quietly summarize b_`v'
 31.                     local seb = r(sd)
 32.                     _pctile b_`v', percentiles(2.5 97.5)
 33.                     local lp = r(r1)
 34.                     local hp = r(r2)
 35.                     percentil_t, v(`v') b(`b_`v'') se(`se_`v'')
 36.                     post `pf' ("`nombre'") (`R') ("`v'") (`b_`v'') (`seb')
>  (`lp') (`hp') (r(lo)) (r(hi)) (`b_`v'' / `seb')
 37.                 }
 38.             restore
 39.         }
 40.     }
 41.     * Jackknife exacto con la fórmula de dejar uno fuera (N y 0.25 N)
.     foreach tam in N m {
 42.         preserve
 43.             if "`tam'" == "m" sample 25
 44.             local n = _N
 45.             quietly regress ln_w $x
 46.             mata: jk_ols("ln_w", "$x")
 47.             local k = 0
 48.             foreach v of global x {
 49.                 local ++k
 50.                 local bj = el(JK, 1, `k')
 51.                 local sj = el(JK, 2, `k')
 52.                 local nombre = cond("`tam'" == "N", "Jackknife", "Jackknif
> e m")
 53.                 post `pf' ("`nombre'") (`n') ("`v'") (`bj') (`sj') (`bj' -
>  invnormal(.975) * `sj') (`bj' + invnormal(.975) * `sj') (.) (.) (`bj' / `sj'
> )
 54.             }
 55.         restore
 56.     }
 57.     postclose `pf'
 58.     use "`res'", clear
 59.     gen str10 base = "`etiq'"
 60.     save "`res'", replace
 61. end

. 
. mata:
------------------------------------------------- mata (type end to exit) -----
: void jk_ols(string scalar yv, string scalar xv)
> {
>     real matrix X, XXi, Bi
>     real colvector y, e, h
>     real rowvector b, bbar, sej
>     real scalar n
>     y   = st_data(., yv)
>     X   = (st_data(., tokens(xv)), J(rows(y), 1, 1))
>     n   = rows(X)
>     XXi = invsym(cross(X, X))
>     b   = (XXi * cross(X, y))'
>     e   = y - X * b'
>     h   = rowsum((X * XXi) :* X)
>     Bi  = b :- ((X * XXi) :* (e :/ (1 :- h)))       // coeficientes al dejar 
> fuera a i
>     bbar = mean(Bi)
>     sej  = sqrt((n - 1) / n * colsum((Bi :- bbar) :^ 2))
>     st_matrix("JK", (b[1..cols(b)-1] \ sej[1..cols(sej)-1]))
> }

: end
-------------------------------------------------------------------------------

. 
. if $corre_4 {
.     manual, base("$data/construidas/p4_enigh2024.dta") etiq("ENIGH") res("$da
> ta/construidas/p4_res_enigh_manual.dta")
(file C:\Users\LCASTI~1\AppData\Local\Temp\ST_5a1c_000001.tmp not found)
(file C:\Users\LCASTI~1\AppData\Local\Temp\ST_5a1c_000031.tmp not found)
file C:/Users/lcastillo/Music/TAREA 2/data/construidas/p4_replicas_ENIGH.dta
    saved
(file C:\Users\LCASTI~1\AppData\Local\Temp\ST_5a1c_0000wh.tmp not found)
(file C:\Users\LCASTI~1\AppData\Local\Temp\ST_5a1c_00011h.tmp not found)
(81,797 observations deleted)
file C:/Users/lcastillo/Music/TAREA
    2/data/construidas/p4_res_enigh_manual.dta saved
.     use "$data/construidas/p4_res_enigh_manual.dta", clear
.     list metodo reps var b se lo_p hi_p lo_t hi_t tstat, noobs sepby(metodo r
> eps) abbreviate(8)

  +------------------------------------------------------------------------+
  |      metodo |  reps |        var |          b |        se |       lo_p |
  |   Bootstrap |   100 | educ_anios |  .07330195 |  .0006217 |  .07212613 |
  |------------------------------------------------------------------------|
  |         hi_p    |         lo_t    |         hi_t    |         tstat    |
  |     .0745465    |    .07205808    |    .07448094    |     117.90584    |
  +------------------------------------------------------------------------+

  +------------------------------------------------------------------------+
  |      metodo |  reps |        var |          b |        se |       lo_p |
  |   Bootstrap |   100 |       edad |  .04454464 | .00172651 |  .04128888 |
  |------------------------------------------------------------------------|
  |         hi_p    |         lo_t    |         hi_t    |         tstat    |
  |    .04748825    |    .04160577    |    .04777123    |     25.800406    |
  +------------------------------------------------------------------------+

  +------------------------------------------------------------------------+
  |      metodo |  reps |        var |          b |        se |       lo_p |
  |   Bootstrap |   100 |      edad2 | -.00049582 | .00002032 | -.00053056 |
  |------------------------------------------------------------------------|
  |         hi_p    |         lo_t    |         hi_t    |         tstat    |
  |   -.00045763    |   -.00053359    |   -.00046144    |    -24.404865    |
  +------------------------------------------------------------------------+

  +------------------------------------------------------------------------+
  |      metodo |  reps |        var |          b |        se |       lo_p |
  |   Bootstrap |   100 |      rural | -.24505051 | .00509634 | -.25487492 |
  |------------------------------------------------------------------------|
  |         hi_p    |         lo_t    |         hi_t    |         tstat    |
  |   -.23462621    |   -.25554817    |   -.23529401    |    -48.083582    |
  +------------------------------------------------------------------------+

  +------------------------------------------------------------------------+
  |      metodo |  reps |        var |          b |        se |       lo_p |
  |   Bootstrap |   100 |      mujer | -.23324468 | .00491088 | -.24083401 |
  |------------------------------------------------------------------------|
  |         hi_p    |         lo_t    |         hi_t    |         tstat    |
  |   -.22418266    |   -.24233557    |   -.22569266    |    -47.495512    |
  +------------------------------------------------------------------------+

  +------------------------------------------------------------------------+
  |      metodo |  reps |        var |          b |        se |       lo_p |
  |   Bootstrap |  1000 | educ_anios |  .07330195 | .00062921 |  .07215608 |
  |------------------------------------------------------------------------|
  |         hi_p    |         lo_t    |         hi_t    |         tstat    |
  |    .07459007    |    .07200884    |    .07445253    |     116.49845    |
  +------------------------------------------------------------------------+

  +------------------------------------------------------------------------+
  |      metodo |  reps |        var |          b |        se |       lo_p |
  |   Bootstrap |  1000 |       edad |  .04454464 |   .001848 |  .04072707 |
  |------------------------------------------------------------------------|
  |         hi_p    |         lo_t    |         hi_t    |         tstat    |
  |    .04788415    |    .04121186    |    .04836977    |     24.104257    |
  +------------------------------------------------------------------------+

  +------------------------------------------------------------------------+
  |      metodo |  reps |        var |          b |        se |       lo_p |
  |   Bootstrap |  1000 |      edad2 | -.00049582 | .00002165 | -.00053461 |
  |------------------------------------------------------------------------|
  |         hi_p    |         lo_t    |         hi_t    |         tstat    |
  |   -.00045062    |   -.00054113    |   -.00045737    |    -22.907059    |
  +------------------------------------------------------------------------+

  +------------------------------------------------------------------------+
  |      metodo |  reps |        var |          b |        se |       lo_p |
  |   Bootstrap |  1000 |      rural | -.24505051 | .00564705 | -.25545058 |
  |------------------------------------------------------------------------|
  |         hi_p    |         lo_t    |         hi_t    |         tstat    |
  |   -.23360558    |   -.25649121    |   -.23471482    |    -43.394437    |
  +------------------------------------------------------------------------+

  +------------------------------------------------------------------------+
  |      metodo |  reps |        var |          b |        se |       lo_p |
  |   Bootstrap |  1000 |      mujer | -.23324468 | .00493612 | -.24267709 |
  |------------------------------------------------------------------------|
  |         hi_p    |         lo_t    |         hi_t    |         tstat    |
  |   -.22314525    |   -.24336789    |    -.2238686    |     -47.25264    |
  +------------------------------------------------------------------------+

  +------------------------------------------------------------------------+
  |      metodo |  reps |        var |          b |        se |       lo_p |
  | Bootstrap m |   100 | educ_anios |  .07330195 | .00138095 |  .07001009 |
  |------------------------------------------------------------------------|
  |         hi_p    |         lo_t    |         hi_t    |         tstat    |
  |    .07608278    |    .07192676    |    .07489806    |     53.080798    |
  +------------------------------------------------------------------------+

  +------------------------------------------------------------------------+
  |      metodo |  reps |        var |          b |        se |       lo_p |
  | Bootstrap m |   100 |       edad |  .04454464 | .00327624 |  .03794088 |
  |------------------------------------------------------------------------|
  |         hi_p    |         lo_t    |         hi_t    |         tstat    |
  |    .05045068    |     .0415348    |    .04785219    |     13.596272    |
  +------------------------------------------------------------------------+

  +------------------------------------------------------------------------+
  |      metodo |  reps |        var |          b |        se |       lo_p |
  | Bootstrap m |   100 |      edad2 | -.00049582 | .00003818 | -.00056717 |
  |------------------------------------------------------------------------|
  |         hi_p    |         lo_t    |         hi_t    |         tstat    |
  |   -.00041858    |   -.00053455    |   -.00045959    |    -12.986773    |
  +------------------------------------------------------------------------+

  +------------------------------------------------------------------------+
  |      metodo |  reps |        var |          b |        se |       lo_p |
  | Bootstrap m |   100 |      rural | -.24505051 | .01074228 | -.26702765 |
  |------------------------------------------------------------------------|
  |         hi_p    |         lo_t    |         hi_t    |         tstat    |
  |   -.22725384    |   -.25405926    |   -.23430896    |    -22.811787    |
  +------------------------------------------------------------------------+

  +------------------------------------------------------------------------+
  |      metodo |  reps |        var |          b |        se |       lo_p |
  | Bootstrap m |   100 |      mujer | -.23324468 | .01057517 | -.25552163 |
  |------------------------------------------------------------------------|
  |         hi_p    |         lo_t    |         hi_t    |         tstat    |
  |   -.21753668    |   -.24120694    |   -.22208974    |     -22.05589    |
  +------------------------------------------------------------------------+

  +------------------------------------------------------------------------+
  |      metodo |  reps |        var |          b |        se |       lo_p |
  | Bootstrap m |  1000 | educ_anios |  .07330195 | .00126836 |  .07077738 |
  |------------------------------------------------------------------------|
  |         hi_p    |         lo_t    |         hi_t    |         tstat    |
  |    .07587706    |    .07202052    |    .07456281    |     57.792514    |
  +------------------------------------------------------------------------+

  +------------------------------------------------------------------------+
  |      metodo |  reps |        var |          b |        se |       lo_p |
  | Bootstrap m |  1000 |       edad |  .04454464 | .00366716 |  .03731019 |
  |------------------------------------------------------------------------|
  |         hi_p    |         lo_t    |         hi_t    |         tstat    |
  |    .05151481    |    .04106689    |    .04817142    |     12.146917    |
  +------------------------------------------------------------------------+

  +------------------------------------------------------------------------+
  |      metodo |  reps |        var |          b |        se |       lo_p |
  | Bootstrap m |  1000 |      edad2 | -.00049582 | .00004295 |  -.0005775 |
  |------------------------------------------------------------------------|
  |         hi_p    |         lo_t    |         hi_t    |         tstat    |
  |   -.00041156    |     -.000538    |   -.00045511    |    -11.543025    |
  +------------------------------------------------------------------------+

  +------------------------------------------------------------------------+
  |      metodo |  reps |        var |          b |        se |       lo_p |
  | Bootstrap m |  1000 |      rural | -.24505051 | .01106179 | -.26669421 |
  |------------------------------------------------------------------------|
  |         hi_p    |         lo_t    |         hi_t    |         tstat    |
  |   -.22341457    |   -.25592443    |   -.23426611    |    -22.152888    |
  +------------------------------------------------------------------------+

  +------------------------------------------------------------------------+
  |      metodo |  reps |        var |          b |        se |       lo_p |
  | Bootstrap m |  1000 |      mujer | -.23324468 | .01011429 | -.25246741 |
  |------------------------------------------------------------------------|
  |         hi_p    |         lo_t    |         hi_t    |         tstat    |
  |   -.21263932    |   -.24366216    |   -.22360584    |    -23.060898    |
  +------------------------------------------------------------------------+

  +------------------------------------------------------------------------+
  |      metodo |  reps |        var |          b |        se |       lo_p |
  |   Jackknife |     . | educ_anios |  .07330195 |  .0006301 |  .07206699 |
  |------------------------------------------------------------------------|
  |         hi_p    |         lo_t    |         hi_t    |         tstat    |
  |    .07453692    |            .    |            .    |     116.33424    |
  +------------------------------------------------------------------------+

  +------------------------------------------------------------------------+
  |      metodo |  reps |        var |          b |        se |       lo_p |
  |   Jackknife |     . |       edad |  .04454464 | .00188926 |  .04084176 |
  |------------------------------------------------------------------------|
  |         hi_p    |         lo_t    |         hi_t    |         tstat    |
  |    .04824751    |            .    |            .    |     23.577867    |
  +------------------------------------------------------------------------+

  +------------------------------------------------------------------------+
  |      metodo |  reps |        var |          b |        se |       lo_p |
  |   Jackknife |     . |      edad2 | -.00049582 | .00002213 | -.00053919 |
  |------------------------------------------------------------------------|
  |         hi_p    |         lo_t    |         hi_t    |         tstat    |
  |   -.00045246    |            .    |            .    |    -22.408048    |
  +------------------------------------------------------------------------+

  +------------------------------------------------------------------------+
  |      metodo |  reps |        var |          b |        se |       lo_p |
  |   Jackknife |     . |      rural | -.24505051 | .00550764 | -.25584528 |
  |------------------------------------------------------------------------|
  |         hi_p    |         lo_t    |         hi_t    |         tstat    |
  |   -.23425574    |            .    |            .    |    -44.492852    |
  +------------------------------------------------------------------------+

  +------------------------------------------------------------------------+
  |      metodo |  reps |        var |          b |        se |       lo_p |
  |   Jackknife |     . |      mujer | -.23324468 | .00496212 | -.24297026 |
  |------------------------------------------------------------------------|
  |         hi_p    |         lo_t    |         hi_t    |         tstat    |
  |    -.2235191    |            .    |            .    |    -47.005025    |
  +------------------------------------------------------------------------+

  +------------------------------------------------------------------------+
  |      metodo |  reps |        var |          b |        se |       lo_p |
  | Jackknife m | 27266 | educ_anios |  .07227153 | .00125964 |  .06980268 |
  |------------------------------------------------------------------------|
  |         hi_p    |         lo_t    |         hi_t    |         tstat    |
  |    .07474038    |            .    |            .    |     57.374749    |
  +------------------------------------------------------------------------+

  +------------------------------------------------------------------------+
  |      metodo |  reps |        var |          b |        se |       lo_p |
  | Jackknife m | 27266 |       edad |   .0434028 | .00370706 |  .03613709 |
  |------------------------------------------------------------------------|
  |         hi_p    |         lo_t    |         hi_t    |         tstat    |
  |    .05066851    |            .    |            .    |      11.70814    |
  +------------------------------------------------------------------------+

  +------------------------------------------------------------------------+
  |      metodo |  reps |        var |          b |        se |       lo_p |
  | Jackknife m | 27266 |      edad2 | -.00048366 | .00004326 | -.00056845 |
  |------------------------------------------------------------------------|
  |         hi_p    |         lo_t    |         hi_t    |         tstat    |
  |   -.00039886    |            .    |            .    |    -11.179407    |
  +------------------------------------------------------------------------+

  +------------------------------------------------------------------------+
  |      metodo |  reps |        var |          b |        se |       lo_p |
  | Jackknife m | 27266 |      rural | -.26181973 | .01095368 | -.28328855 |
  |------------------------------------------------------------------------|
  |         hi_p    |         lo_t    |         hi_t    |         tstat    |
  |    -.2403509    |            .    |            .    |    -23.902436    |
  +------------------------------------------------------------------------+

  +------------------------------------------------------------------------+
  |      metodo |  reps |        var |          b |        se |       lo_p |
  | Jackknife m | 27266 |      mujer | -.24165191 | .00994356 | -.26114092 |
  |------------------------------------------------------------------------|
  |         hi_p    |         lo_t    |         hi_t    |         tstat    |
  |   -.22216289    |            .    |            .    |    -24.302362    |
  +------------------------------------------------------------------------+
. }

. 
. 
. /*===========================================================================
> ===
>   4.4 ENOE 2026, trimestre II: incisos a, b, d y e con comandos y con bsample
> =============================================================================
> =*/
. if $corre_4 {
.     ejercicio, base("$data/construidas/p4_enoe2026t2.dta") etiq("ENOE") res("
> $data/construidas/p4_res_enoe_comandos.dta")

Linear regression                               Number of obs     =     96,006
                                                F(5, 96000)       =    2742.74
                                                Prob > F          =     0.0000
                                                R-squared         =     0.1486
                                                Root MSE          =     .63907

------------------------------------------------------------------------------
             |               Robust
        ln_w | Coefficient  std. err.      t    P>|t|     [95% conf. interval]
-------------+----------------------------------------------------------------
  educ_anios |   .0574361   .0005558   103.35   0.000     .0563468    .0585254
        edad |   .0300699   .0016217    18.54   0.000     .0268913    .0332485
       edad2 |  -.0003099   .0000189   -16.38   0.000     -.000347   -.0002729
       rural |  -.2111839    .006538   -32.30   0.000    -.2239983   -.1983695
       mujer |   -.115245   .0042104   -27.37   0.000    -.1234973   -.1069927
       _cons |   2.834287    .033968    83.44   0.000     2.767711    2.900864
------------------------------------------------------------------------------
(bootstrap: regress)
(bootstrap: regress)
(bootstrap: regress)
(bootstrap: regress)
(72,004 observations deleted)
file C:/Users/lcastillo/Music/TAREA
    2/data/construidas/p4_res_enoe_comandos.dta saved
.     manual,    base("$data/construidas/p4_enoe2026t2.dta") etiq("ENOE") res("
> $data/construidas/p4_res_enoe_manual.dta")
(file C:\Users\LCASTI~1\AppData\Local\Temp\ST_5a1c_000001.tmp not found)
(file C:\Users\LCASTI~1\AppData\Local\Temp\ST_5a1c_000031.tmp not found)
file C:/Users/lcastillo/Music/TAREA 2/data/construidas/p4_replicas_ENOE.dta
    saved
(file C:\Users\LCASTI~1\AppData\Local\Temp\ST_5a1c_0000wh.tmp not found)
(file C:\Users\LCASTI~1\AppData\Local\Temp\ST_5a1c_00011h.tmp not found)
(72,004 observations deleted)
file C:/Users/lcastillo/Music/TAREA 2/data/construidas/p4_res_enoe_manual.dta
    saved
. }

. 
. 
. /*===========================================================================
> ===
>   Cuadros (uno por base y forma de cálculo) para los coeficientes de
>   escolaridad y mujer
> =============================================================================
> =*/
. local n = 0

. foreach b in enigh enoe {
  2.     foreach f in comandos manual {
  3.         local ++n
  4.         use "$data/construidas/p4_res_`b'_`f'.dta", clear
  5.         rename var coef
  6.         keep if inlist(coef, "educ_anios", "mujer")
  7.         gen byte orden = cond(metodo == "MCO robusto", 1, cond(metodo == "
> Bootstrap", 2, cond(metodo == "Bootstrap m", 3, cond(metodo == "Jackknife", 4
> , 5))))
  8.         gen str40 fila = metodo + cond(inlist(metodo, "Bootstrap", "Bootst
> rap m"), " (" + string(reps) + " rep.)", "")
  9.         replace fila = "MCO, EE robusto" if metodo == "MCO robusto"
 10.         replace fila = subinstr(fila, "Bootstrap m", "Bootstrap 0.25 N", 1
> )
 11.         replace fila = subinstr(fila, "Jackknife m", "Jackknife 0.25 N", 1
> )
 12.         replace reps = 0 if missing(reps)               // jackknife con N
> : N no cabe en int; sin este cambio group() lo omite
 13.         sort orden reps
 14.         egen int fid = group(orden reps)
 15.         levelsof fid, local(fids)
 16.         foreach i of local fids {
 17.             levelsof fila if fid == `i', local(lab) clean
 18.             label define lfila `i' "`lab'", add
 19.         }
 20.         label values fid lfila
 21.         gen byte vcoef = cond(coef == "educ_anios", 1, 2)
 22.         label define lvcoef 1 "Escolaridad" 2 "Mujer", replace
 23.         label values vcoef lvcoef
 24.         label var b    "Coef."
 25.         label var se   "E.E."
 26.         label var lo_p "Percentil inf."
 27.         label var hi_p "Percentil sup."
 28.         label var lo_t "Percentil-t inf."
 29.         label var hi_t "Percentil-t sup."
 30.         label var tstat "t"
 31.         table (vcoef fid) (var), statistic(mean b se lo_p hi_p lo_t hi_t t
> stat) nototals   // escolaridad y mujer en bloques de renglones
 32.         estilo_cuadro, size(9)
 33.         collect style header vcoef fid, title(hide)
 34.         collect style cell, nformat(%9.4f)
 35.         collect style cell var[tstat], nformat(%9.1f)
 36.         local B = cond("`b'" == "enigh", "ENIGH 2024", "ENOE 2026, trimest
> re II")
 37.         local F = cond("`f'" == "comandos", "comandos bootstrap y jackknif
> e", "réplicas con bsample")
 38.         collect title "Cuadro 4.`n'. `B': errores estándar e intervalos de
>  confianza al 95% (`F')"
 39.         local fte = cond("`b'" == "enigh", "Fuente: elaboración propia con
>  datos de la ENIGH 2024 (INEGI).", "Fuente: elaboración propia con datos de l
> a ENOE 2026, trimestre II (INEGI).")
 40.         exporta_cuadro, archivo("$out/Cuadro_4_`n'_`b'_`f'") ///
>             nota("Nota: MCO del log del salario por hora sobre escolaridad, e
> dad, edad al cuadrado, rural y mujer, sin factor de expansión. En MCO y jackk
> nife el intervalo es el normal (coeficiente ± 1.96 E.E.); en bootstrap, el pe
> rcentil usa los cuantiles 2.5 y 97.5 de los coeficientes y el percentil-t los
>  de t* = (b* - b) / E.E.*. Con 0.25 N el E.E. corresponde a muestras de tamañ
> o N/4. t = coeficiente / E.E.") ///
>             fuente("`fte'")
 41.     }
 42. }
(21 observations deleted)
(2 real changes made)
(4 real changes made)
(2 real changes made)
(2 real changes made)
1 2 3 4 5 6 7
MCO, EE robusto
Bootstrap (100 rep.)
Bootstrap (1000 rep.)
Bootstrap 0.25 N (100 rep.)
Bootstrap 0.25 N (1000 rep.)
Jackknife
Jackknife 0.25 N

----------------------------------------------------------------------------------------------------------------------------------------------
                                   |      Coef.       E.E.   Percentil inf.   Percentil sup.   Percentil-t inf.   Percentil-t sup.           t
-----------------------------------+----------------------------------------------------------------------------------------------------------
vcoef                              |                                                                                                          
  Escolaridad                      |                                                                                                          
    group(orden reps)              |                                                                                                          
      MCO, EE robusto              |    .073302   .0006301          .072067         .0745369                  .                  .    116.3399
      Bootstrap (100 rep.)         |    .073302    .000593         .0722834         .0745077           .0720876           .0743338    123.6169
      Bootstrap (1000 rep.)        |    .073302   .0006094         .0720854         .0744771           .0721217           .0745174    120.2866
      Bootstrap 0.25 N (100 rep.)  |    .073302   .0012375         .0712234          .076063           .0719329           .0743423    59.23449
      Bootstrap 0.25 N (1000 rep.) |    .073302   .0012751         .0707911         .0758792            .072001            .074556    57.48887
      Jackknife                    |    .073302   .0006301          .072067         .0745369                  .                  .    116.3339
      Jackknife 0.25 N             |   .0752701   .0012642         .0727923         .0777478                  .                  .    59.54087
  Mujer                            |                                                                                                          
    group(orden reps)              |                                                                                                          
      MCO, EE robusto              |  -.2332447    .004962        -.2429701        -.2235193                  .                  .    -47.0064
      Bootstrap (100 rep.)         |  -.2332447   .0047924        -.2413799        -.2238301          -.2426994          -.2251228   -48.67016
      Bootstrap (1000 rep.)        |  -.2332447   .0050069        -.2434154        -.2231995          -.2432855          -.2230921   -46.58431
      Bootstrap 0.25 N (100 rep.)  |  -.2332447   .0096709        -.2492761        -.2133394          -.2432305           -.225231   -24.11815
      Bootstrap 0.25 N (1000 rep.) |  -.2332447   .0096088        -.2522438        -.2135763          -.2430776           -.223776   -24.27409
      Jackknife                    |  -.2332447   .0049621        -.2429703        -.2235191                  .                  .   -47.00497
      Jackknife 0.25 N             |  -.2445546   .0098577        -.2638753        -.2252339                  .                  .   -24.80855
----------------------------------------------------------------------------------------------------------------------------------------------
(collection Table exported to file C:/Users/lcastillo/Music/TAREA
 2/papers/output/Cuadro_4_1_enigh_comandos.xlsx)
(collection Table posted to putdocx)
successfully replaced "C:/Users/lcastillo/Music/TAREA 2/papers/output/Cuadro_4_
> 1_enigh_comandos.docx"
(18 observations deleted)
(0 real changes made)
(4 real changes made)
(2 real changes made)
(2 real changes made)
1 2 3 4 5 6
Bootstrap (100 rep.)
Bootstrap (1000 rep.)
Bootstrap 0.25 N (100 rep.)
Bootstrap 0.25 N (1000 rep.)
Jackknife
Jackknife 0.25 N

----------------------------------------------------------------------------------------------------------------------------------------------
                                   |      Coef.       E.E.   Percentil inf.   Percentil sup.   Percentil-t inf.   Percentil-t sup.           t
-----------------------------------+----------------------------------------------------------------------------------------------------------
vcoef                              |                                                                                                          
  Escolaridad                      |                                                                                                          
    group(orden reps)              |                                                                                                          
      Bootstrap (100 rep.)         |    .073302   .0006217         .0721261         .0745465           .0720581           .0744809    117.9058
      Bootstrap (1000 rep.)        |    .073302   .0006292         .0721561         .0745901           .0720088           .0744525    116.4985
      Bootstrap 0.25 N (100 rep.)  |    .073302    .001381         .0700101         .0760828           .0719268           .0748981     53.0808
      Bootstrap 0.25 N (1000 rep.) |    .073302   .0012684         .0707774         .0758771           .0720205           .0745628    57.79251
      Jackknife                    |    .073302   .0006301          .072067         .0745369                  .                  .    116.3342
      Jackknife 0.25 N             |   .0722715   .0012596         .0698027         .0747404                  .                  .    57.37475
  Mujer                            |                                                                                                          
    group(orden reps)              |                                                                                                          
      Bootstrap (100 rep.)         |  -.2332447   .0049109         -.240834        -.2241827          -.2423356          -.2256927   -47.49551
      Bootstrap (1000 rep.)        |  -.2332447   .0049361        -.2426771        -.2231453          -.2433679          -.2238686   -47.25264
      Bootstrap 0.25 N (100 rep.)  |  -.2332447   .0105752        -.2555216        -.2175367          -.2412069          -.2220897   -22.05589
      Bootstrap 0.25 N (1000 rep.) |  -.2332447   .0101143        -.2524674        -.2126393          -.2436622          -.2236058    -23.0609
      Jackknife                    |  -.2332447   .0049621        -.2429703        -.2235191                  .                  .   -47.00502
      Jackknife 0.25 N             |  -.2416519   .0099436        -.2611409        -.2221629                  .                  .   -24.30236
----------------------------------------------------------------------------------------------------------------------------------------------
(collection Table exported to file C:/Users/lcastillo/Music/TAREA
 2/papers/output/Cuadro_4_2_enigh_manual.xlsx)
(collection Table posted to putdocx)
successfully replaced "C:/Users/lcastillo/Music/TAREA 2/papers/output/Cuadro_4_
> 2_enigh_manual.docx"
(21 observations deleted)
(2 real changes made)
(4 real changes made)
(2 real changes made)
(2 real changes made)
1 2 3 4 5 6 7
MCO, EE robusto
Bootstrap (100 rep.)
Bootstrap (1000 rep.)
Bootstrap 0.25 N (100 rep.)
Bootstrap 0.25 N (1000 rep.)
Jackknife
Jackknife 0.25 N

----------------------------------------------------------------------------------------------------------------------------------------------
                                   |      Coef.       E.E.   Percentil inf.   Percentil sup.   Percentil-t inf.   Percentil-t sup.           t
-----------------------------------+----------------------------------------------------------------------------------------------------------
vcoef                              |                                                                                                          
  Escolaridad                      |                                                                                                          
    group(orden reps)              |                                                                                                          
      MCO, EE robusto              |   .0574361   .0005558         .0563468         .0585254                  .                  .     103.346
      Bootstrap (100 rep.)         |   .0574361   .0006111         .0564419         .0587188           .0561537           .0584246    93.98725
      Bootstrap (1000 rep.)        |   .0574361   .0005311         .0564123         .0585116           .0563607           .0584647    108.1539
      Bootstrap 0.25 N (100 rep.)  |   .0574361   .0010361         .0552546         .0594701           .0564082           .0585501    55.43341
      Bootstrap 0.25 N (1000 rep.) |   .0574361   .0011048         .0552864         .0595409           .0563866           .0585106    51.98788
      Jackknife                    |   .0574361   .0005558         .0563468         .0585254                  .                  .    103.3407
      Jackknife 0.25 N             |   .0583216   .0011082         .0561495         .0604937                  .                  .    52.62513
  Mujer                            |                                                                                                          
    group(orden reps)              |                                                                                                          
      MCO, EE robusto              |   -.115245   .0042104        -.1234973        -.1069927                  .                  .   -27.37156
      Bootstrap (100 rep.)         |   -.115245   .0043155        -.1226592        -.1062644          -.1241232           -.107822   -26.70495
      Bootstrap (1000 rep.)        |   -.115245   .0041615        -.1237337        -.1069253          -.1235459          -.1067464   -27.69314
      Bootstrap 0.25 N (100 rep.)  |   -.115245   .0080358        -.1300625        -.0981423          -.1236818          -.1078523   -14.34144
      Bootstrap 0.25 N (1000 rep.) |   -.115245   .0083179        -.1302246        -.0989659          -.1234038          -.1077271   -13.85508
      Jackknife                    |   -.115245   .0042105        -.1234975        -.1069925                  .                  .    -27.3707
      Jackknife 0.25 N             |  -.1089615   .0082708        -.1251721         -.092751                  .                  .   -13.17418
----------------------------------------------------------------------------------------------------------------------------------------------
(collection Table exported to file C:/Users/lcastillo/Music/TAREA
 2/papers/output/Cuadro_4_3_enoe_comandos.xlsx)
(collection Table posted to putdocx)
successfully replaced "C:/Users/lcastillo/Music/TAREA 2/papers/output/Cuadro_4_
> 3_enoe_comandos.docx"
(18 observations deleted)
(0 real changes made)
(4 real changes made)
(2 real changes made)
(2 real changes made)
1 2 3 4 5 6
Bootstrap (100 rep.)
Bootstrap (1000 rep.)
Bootstrap 0.25 N (100 rep.)
Bootstrap 0.25 N (1000 rep.)
Jackknife
Jackknife 0.25 N

----------------------------------------------------------------------------------------------------------------------------------------------
                                   |      Coef.       E.E.   Percentil inf.   Percentil sup.   Percentil-t inf.   Percentil-t sup.           t
-----------------------------------+----------------------------------------------------------------------------------------------------------
vcoef                              |                                                                                                          
  Escolaridad                      |                                                                                                          
    group(orden reps)              |                                                                                                          
      Bootstrap (100 rep.)         |   .0574361   .0005558         .0562672         .0583849           .0564887           .0585999    103.3455
      Bootstrap (1000 rep.)        |   .0574361   .0005695         .0563587         .0585611           .0563052           .0585113    100.8589
      Bootstrap 0.25 N (100 rep.)  |   .0574361   .0011594         .0550751         .0595019           .0564097           .0586024    49.53904
      Bootstrap 0.25 N (1000 rep.) |   .0574361   .0011095         .0552528         .0595979           .0563551           .0585224    51.76527
      Jackknife                    |   .0574361   .0005558         .0563468         .0585254                  .                  .    103.3404
      Jackknife 0.25 N             |   .0558003    .001081         .0536816         .0579189                  .                  .    51.62075
  Mujer                            |                                                                                                          
    group(orden reps)              |                                                                                                          
      Bootstrap (100 rep.)         |   -.115245   .0043343        -.1232761        -.1054959          -.1249782          -.1071869   -26.58905
      Bootstrap (1000 rep.)        |   -.115245   .0042843         -.123675        -.1070795          -.1234156           -.106813    -26.8996
      Bootstrap 0.25 N (100 rep.)  |   -.115245    .008505        -.1333559        -.1015735          -.1221027          -.1061559    -13.5503
      Bootstrap 0.25 N (1000 rep.) |   -.115245   .0088595        -.1319937        -.0975277          -.1240683          -.1068279   -13.00814
      Jackknife                    |   -.115245   .0042105        -.1234975        -.1069925                  .                  .   -27.37066
      Jackknife 0.25 N             |  -.1068558   .0083388        -.1231996        -.0905121                  .                  .   -12.81431
----------------------------------------------------------------------------------------------------------------------------------------------
(collection Table exported to file C:/Users/lcastillo/Music/TAREA
 2/papers/output/Cuadro_4_4_enoe_manual.xlsx)
(collection Table posted to putdocx)
successfully replaced "C:/Users/lcastillo/Music/TAREA 2/papers/output/Cuadro_4_
> 4_enoe_manual.docx"

. 
. log close
      name:  <unnamed>
       log:  C:/Users/lcastillo/Music/TAREA 2/log/P4_bootstrap.log
  log type:  text
 closed on:  28 Sep 2026, 22:53:22
-------------------------------------------------------------------------------
