-------------------------------------------------------------------------------
      name:  <unnamed>
       log:  C:/Users/lcastillo/Music/TAREA 2/log/P5_no_parametricos.log
  log type:  text
 opened on:  29 Sep 2026, 19:04:08

. 
. set scheme s2color

. graph set window fontface "Times New Roman"

. global gtam "medsmall"

. global gfig "xsize(6.5) ysize(4.5) graphregion(color(white) margin(small)) pl
> otregion(color(white) lcolor(none))"

. * Una línea por año: del más antiguo (claro) al más reciente (oscuro)
. global col2016 "150 170 205"

. global col2018 "100 130 180"

. global col2020 "200 112 42"

. global col2022 "46 107 52"

. global col2024 "31 58 104"

. global fte_enigh "Fuente: elaboración propia con datos de la ENIGH (INEGI), 2
> 016-2024."

. global fte_enoe  "Fuente: elaboración propia con datos de la ENOE (INEGI), tr
> imestre II (2020: trimestre III)."

. 
. * Programa: densidades por año en una rejilla común y gráfica con una línea p
> or año.
. * Todos los años usan el MISMO ancho de banda h (regla de Silverman calculada
>  una vez con
. * los años juntos), para que las diferencias entre curvas no vengan del suavi
> zamiento.
. * En la nota, el texto @H se sustituye por el valor de h.
. capture program drop dens_anios

. program define dens_anios
  1.     syntax varname [aweight], ANIOS(numlist) RANGO(numlist min=2 max=2) XT
> Itulo(string) ///
>         ARchivo(string) NOta(string asis) [XFormato(string) YFormato(string) 
> XLAbel(string) HFormato(string)]
  2.     if "`xformato'" == "" local xformato "%9.0fc"
  3.     if "`yformato'" == "" local yformato "%9.0g"
  4.     if "`hformato'" == "" local hformato "%9.3f"
  5.     local lo : word 1 of `rango'
  6.     local hi : word 2 of `rango'
  7.     local lista : subinstr local anios " " ",", all
  8.     quietly kdensity `varlist' [`weight'`exp'] if inlist(year, `lista'), n
> ograph   // h común (años juntos)
  9.     local h = r(bwidth)
 10.     local hs : display `hformato' `h'
 11.     local hs = strtrim("`hs'")
 12.     di as res "`varlist': ancho de banda común h = `hs'"
 13.     local nota : subinstr local nota "@H" "`hs'", all
 14.     local plots ""
 15.     local leg ""
 16.     local k = 0
 17.     foreach a of local anios {
 18.         local ++k
 19.         capture drop x`a' d`a'
 20.         gen double x`a' = `lo' + (`hi' - `lo') * (_n - 1) / 399 in 1/400  
>    // rejilla de 400 puntos
 21.         kdensity `varlist' [`weight'`exp'] if year == `a', at(x`a') genera
> te(d`a') bwidth(`h') nograph
 22.         local plots `plots' (line d`a' x`a', lcolor("${col`a'}") lwidth(me
> dthick))
 23.         local lab = cond(`a' == 2020 & strpos("`archivo'", "enoe"), "2020 
> (T-III)", "`a'")
 24.         local leg `leg' `k' "`lab'"
 25.     }
 26.     twoway `plots', ytitle("Densidad", size($gtam) margin(r=2)) xtitle("`x
> titulo'", size($gtam)) ///
>         xlabel(`xlabel', labsize($gtam) format(`xformato') nogrid) ylabel(, l
> absize($gtam) angle(horizontal) format(`yformato') grid glcolor(gs14)) ///
>         legend(order(`leg') rows(1) size(small) position(6) region(lcolor(whi
> te))) ///
>         note(`nota', size(small) span) $gfig graphregion(margin(2 6 2 2))
 27.     graph export "`archivo'", width(2400) replace
 28. end

. 
. 
. /*===========================================================================
> ===
>   5.2 ENIGH: densidad del ingreso per cápita y de su logaritmo
> =============================================================================
> =*/
. use year ingpc w_pers using "$data/construidas/enigh_ingpc_hogares_1992_2024.
> dta" if year >= 2016, clear

. gen double ln_ingpc = ln(ingpc) if ingpc > 0
(42 missing values generated)

. count if ingpc <= 0
  42

. tabstat ingpc [aw = w_pers], by(year) statistics(p1 p50 mean p95 p99) format(
> %12.0fc)

Summary for variables: ingpc
Group variable: year 

    year |           p1          p50         Mean          p95          p99
---------+-----------------------------------------------------------------
    2016 |          644        4,286        6,803       18,437       39,498
    2018 |          653        4,427        6,596       17,913       37,915
    2020 |          669        4,309        6,296       17,257       34,355
    2022 |          785        5,018        7,176       18,980       38,839
    2024 |          908        5,840        8,170       21,425       42,092
---------+-----------------------------------------------------------------
   Total |          708        4,764        7,019       18,934       38,387
---------------------------------------------------------------------------

. summarize ingpc [aw = w_pers], detail

        Ingreso corriente per cápita mensual (pesos
                          ene-2026)
-------------------------------------------------------------
      Percentiles      Smallest
 1%     708.1926              0
 5%     1372.034              0
10%     1868.205              0       Obs             415,480
25%     2939.355              0       Sum of wgt.   630514374

50%     4764.447                      Mean           7018.878
                        Largest       Std. dev.      15792.95
75%     7981.777        2386497
90%     13354.62        2842810       Variance       2.49e+08
95%     18933.93        2980671       Skewness       111.2137
99%     38387.47        3067137       Kurtosis       18378.61

. 
. dens_anios ingpc [aw = w_pers], anios(2016 2018 2020 2022 2024) rango(0 30000
> ) ///
>     xtitulo("Ingreso corriente per cápita mensual (pesos de enero de 2026)") 
> ///
>     archivo("$out/Fig_5_2_enigh_densidad_ingreso.png") yformato(%9.5f) hforma
> to(%9.0fc) ///
>     nota("Nota: núcleo de Epanechnikov; h común = @H pesos (regla de Silverma
> n con los cinco años juntos); ponderado por personas." ///
>          "Se grafica hasta 30,000 pesos (cerca del percentil 97); los ingreso
> s mayores sí entran en la estimación. Por la asimetría," ///
>          "la regla de Silverman tiende a sobresuavizar; cerca de cero la curv
> a se subestima por el borde del soporte." ///
>          "$fte_enigh")
ingpc: ancho de banda común h = 253
(415,080 missing values generated)
(415,080 missing values generated)
(415,080 missing values generated)
(415,080 missing values generated)
(415,080 missing values generated)
file C:/Users/lcastillo/Music/TAREA
    2/papers/output/Fig_5_2_enigh_densidad_ingreso.png saved as PNG format

. 
. dens_anios ln_ingpc [aw = w_pers], anios(2016 2018 2020 2022 2024) rango(5 12
> ) ///
>     xtitulo("Logaritmo del ingreso corriente per cápita mensual") ///
>     archivo("$out/Fig_5_2_enigh_densidad_log_ingreso.png") xformato(%3.0f) yf
> ormato(%3.1f) xlabel(5(1)12) ///
>     nota("Nota: núcleo de Epanechnikov; h común = @H (regla de Silverman con 
> los cinco años juntos); ponderado por personas." ///
>          "Hogares con ingreso positivo; se grafica el rango de 5 a 12 (148 a 
> 162,755 pesos), que contiene a casi toda la población." ///
>          "$fte_enigh")
ln_ingpc: ancho de banda común h = 0.050
(415,080 missing values generated)
(415,080 missing values generated)
(415,080 missing values generated)
(415,080 missing values generated)
(415,080 missing values generated)
file C:/Users/lcastillo/Music/TAREA
    2/papers/output/Fig_5_2_enigh_densidad_log_ingreso.png saved as PNG
    format

. 
. * Estadísticos para el texto: moda, media y mediana del logaritmo por año
. foreach a in 2016 2018 2020 2022 2024 {
  2.     quietly summarize ln_ingpc [aw = w_pers] if year == `a', detail
  3.     di as txt "`a': media log = " %5.3f r(mean) "  mediana log = " %5.3f r
> (p50) "  asimetría = " %5.3f r(skewness)
  4.     quietly summarize ingpc [aw = w_pers] if year == `a', detail
  5.     di as txt "      nivel: media = " %9.0fc r(mean) "  mediana = " %9.0fc
>  r(p50) "  asimetría = " %6.2f r(skewness)
  6. }
2016: media log = 8.405  mediana log = 8.363  asimetría = 0.310
      nivel: media =     6,803  mediana =     4,286  asimetría =  83.17
2018: media log = 8.427  mediana log = 8.395  asimetría = 0.233
      nivel: media =     6,596  mediana =     4,427  asimetría =  14.51
2020: media log = 8.398  mediana log = 8.369  asimetría = 0.186
      nivel: media =     6,296  mediana =     4,309  asimetría =  81.35
2022: media log = 8.549  mediana log = 8.521  asimetría = 0.190
      nivel: media =     7,176  mediana =     5,018  asimetría =  25.05
2024: media log = 8.690  mediana log = 8.673  asimetría = 0.097
      nivel: media =     8,170  mediana =     5,840  asimetría = 120.09

. 
. 
. /*===========================================================================
> ===
>   5.3 Ancho de banda y kernel (ENIGH 2024, logaritmo del ingreso)
> =============================================================================
> =*/
. keep if year == 2024 & !missing(ln_ingpc)
(324,072 observations deleted)

. kdensity ln_ingpc [aw = w_pers], nograph

. local h = r(bwidth)

. di as res "Ancho de banda de Silverman (Epanechnikov): " %6.4f `h'
Ancho de banda de Silverman (Epanechnikov): 0.0652

. local hbig   = 4 * `h'

. local hsmall = `h' / 8

. foreach v in base big small gau rect {
  2.     capture drop x_`v' d_`v'
  3. }

. gen double x_base = 5 + 7 * (_n - 1) / 499 in 1/500                 // rejill
> a común de 500 puntos entre 5 y 12
(90,908 missing values generated)

. foreach v in big small gau rect {
  2.     gen double x_`v' = x_base
  3. }
(90,908 missing values generated)
(90,908 missing values generated)
(90,908 missing values generated)
(90,908 missing values generated)

. kdensity ln_ingpc [aw = w_pers], at(x_base)  bwidth(`h')      generate(d_base
> ) nograph

. kdensity ln_ingpc [aw = w_pers], at(x_big)   bwidth(`hbig')   generate(d_big)
>  nograph

. kdensity ln_ingpc [aw = w_pers], at(x_small) bwidth(`hsmall') generate(d_smal
> l) nograph

. kdensity ln_ingpc [aw = w_pers], at(x_gau)   bwidth(`h') kernel(gaussian)  ge
> nerate(d_gau) nograph

. kdensity ln_ingpc [aw = w_pers], at(x_rect)  bwidth(`h') kernel(rectangle) ge
> nerate(d_rect) nograph

. 
. local op "xlabel(5(1)12, labsize($gtam) nogrid) ylabel(, labsize($gtam) angle
> (horizontal) format(%3.1f) grid glcolor(gs14)) xtitle(Logaritmo del ingreso p
> er cápita, size($gtam)) ytitle(Densidad, size($gtam)) graphregion(color(white
> )) plotregion(color(white) lcolor(none))"

. local hs  : display %5.3f `h'

. local hbs : display %5.3f `hbig'

. local hss : display %5.3f `hsmall'

. twoway (line d_base x_base, lcolor("31 58 104") lwidth(medthick)) (line d_big
>  x_big, lcolor("200 112 42") lwidth(medthick) lpattern(dash)), ///
>     title("Ancho de banda mayor", size($gtam) color(black)) `op' ///
>     legend(order(1 "h = `hs' (Silverman)" 2 "h = `hbs' (x 4)") rows(2) size(s
> mall) region(lcolor(white))) name(b1, replace) nodraw

. twoway (line d_base x_base, lcolor("31 58 104") lwidth(medthick)) (line d_sma
> ll x_small, lcolor("200 112 42") lwidth(thin)), ///
>     title("Ancho de banda menor", size($gtam) color(black)) `op' ///
>     legend(order(1 "h = `hs' (Silverman)" 2 "h = `hss' (/ 8)") rows(2) size(s
> mall) region(lcolor(white))) name(b2, replace) nodraw

. twoway (line d_base x_base, lcolor("31 58 104") lwidth(medthick)) (line d_gau
>  x_gau, lcolor("46 107 52") lwidth(medthick) lpattern(dash)), ///
>     title("Kernel gaussiano", size($gtam) color(black)) `op' ///
>     legend(order(1 "Epanechnikov" 2 "Gaussiano") rows(2) size(small) region(l
> color(white))) name(k1, replace) nodraw

. twoway (line d_base x_base, lcolor("31 58 104") lwidth(medthick)) (line d_rec
> t x_rect, lcolor("142 36 50") lwidth(medthick) lpattern(dash)), ///
>     title("Kernel rectangular", size($gtam) color(black)) `op' ///
>     legend(order(1 "Epanechnikov" 2 "Rectangular") rows(2) size(small) region
> (lcolor(white))) name(k2, replace) nodraw

. graph combine b1 b2, rows(1) iscale(1) graphregion(color(white)) xsize(6.5) y
> size(3.4) ///
>     note("Nota: ENIGH 2024, logaritmo del ingreso corriente per cápita; kerne
> l de Epanechnikov; ponderado por personas." ///
>          "$fte_enigh", size(small) span)

. graph export "$out/Fig_5_3_enigh_ancho_banda.png", width(2400) replace
file C:/Users/lcastillo/Music/TAREA
    2/papers/output/Fig_5_3_enigh_ancho_banda.png saved as PNG format

. graph combine k1 k2, rows(1) iscale(1) graphregion(color(white)) xsize(6.5) y
> size(3.4) ///
>     note("Nota: ENIGH 2024, logaritmo del ingreso corriente per cápita; ancho
>  de banda fijo h = `hs' en los tres kernels; ponderado por personas." ///
>          "$fte_enigh", size(small) span)

. graph export "$out/Fig_5_3_enigh_kernels.png", width(2400) replace
file C:/Users/lcastillo/Music/TAREA 2/papers/output/Fig_5_3_enigh_kernels.png
    saved as PNG format

. 
. * Muestra para el tablero interactivo (5.4): 4,000 hogares remuestreados con 
> probabilidad
. * proporcional a las personas que representan
. preserve

.     set seed 20261005

.     keep ln_ingpc w_pers

.     * Muestreo con reemplazo con probabilidad proporcional a w_pers (inversió
> n de la distribución acumulada)
.     mata: y = st_data(., "ln_ingpc"); c = runningsum(st_data(., "w_pers")); c
>  = c :/ c[rows(c)]

.     mata: u = sort(runiform(4000, 1), 1); s = J(4000, 1, .); j = 1

.     mata: for (i = 1; i <= 4000; i++) { while (c[j] < u[i]) j++; s[i] = y[j];
>  }

.     clear

.     getmata ln_ingpc = s

.     format ln_ingpc %6.4f

.     export delimited using "$root/papers/tableros/muestra_ln_ingpc_enigh2024.
> csv", replace
file C:/Users/lcastillo/Music/TAREA 2/papers/tableros/muestra_ln_ingpc_enigh202
> 4.csv saved

. restore

. 
. 
. /*===========================================================================
> ===
>   5.5 ENOE: ingreso laboral per cápita del hogar (trimestre II)
>   Hogar = cd_a ent con v_sel n_hog h_mud. Se suman los ingresos laborales
>   mensuales (ingocup) de los residentes y se dividen entre el número de
>   residentes. Pesos de enero de 2026 con el INPC promedio del trimestre.
> =============================================================================
> =*/
. use cd_a ent con v_sel n_hog h_mud anio_enoe trimestre_enoe fac r_def c_res i
> ngocup ///
>     using "$enoe/ENOE_todas.dta" ///
>     if (inlist(anio_enoe, 2016, 2018, 2022, 2024) & trimestre_enoe == 2) | (a
> nio_enoe == 2020 & trimestre_enoe == 3), clear

. keep if r_def == 0 & inlist(c_res, 1, 3)
(35,328 observations deleted)

. replace ingocup = 0 if missing(ingocup)
(0 real changes made)

. rename (anio_enoe trimestre_enoe) (year trimestre)

. collapse (sum) ing = ingocup (count) tam = fac (sum) w_pers = fac, by(year tr
> imestre cd_a ent con v_sel n_hog h_mud)

. preserve

.     use "$data/INPC/inpc_mensual_1990_2026.dta", clear
(INPC mensual INEGI, base 2QJul2018=100, 1990m1-2026m8)

.     summarize inpc if anio == 2026 & mes == 1, meanonly

.     local base = r(mean)

.     gen byte trimestre = ceil(mes / 3)

.     collapse (mean) inpc, by(anio trimestre)

.     gen double defl = `base' / inpc

.     rename anio year

.     keep year trimestre defl

.     tempfile d

.     save `d'
file C:\Users\LCASTI~1\AppData\Local\Temp\ST_1e88_000003.tmp saved as .dta
    format

. restore

. merge m:1 year trimestre using `d', keep(match) nogenerate

    Result                      Number of obs
    -----------------------------------------
    Not matched                             0
    Matched                           523,696  
    -----------------------------------------

. gen double ingpc = ing / tam * defl

. gen double ln_ingpc = ln(ingpc) if ingpc > 0
(164,241 missing values generated)

. gen byte cero = (ingpc == 0)

. label var ingpc "Ingreso laboral per cápita mensual (pesos de enero de 2026)"

. save "$data/construidas/enoe_ingpc_hogares_t2.dta", replace
file C:/Users/lcastillo/Music/TAREA
    2/data/construidas/enoe_ingpc_hogares_t2.dta saved

. table year [aw = w_pers], statistic(mean cero ingpc) statistic(median ingpc) 
> nformat(%9.3f mean) nformat(%12.0fc median)

--------------------------------------------------------------------------------------------------------------------------------------------
        |                                  Mean                                                                                       Median
        |   cero   Ingreso laboral per cápita mensual (pesos de enero de 2026)   Ingreso laboral per cápita mensual (pesos de enero de 2026)
--------+-----------------------------------------------------------------------------------------------------------------------------------
year    |                                                                                                                                   
  2016  |  0.256                                                      2617.305                                                         1,727
  2018  |  0.291                                                      2529.460                                                         1,665
  2020  |  0.286                                                      2424.367                                                         1,498
  2022  |  0.293                                                      2750.711                                                         1,833
  2024  |  0.297                                                      3008.434                                                         1,976
  Total |  0.285                                                      2669.401                                                         1,727
--------------------------------------------------------------------------------------------------------------------------------------------

. 
. * Porcentaje de personas en hogares con ingreso laboral cero (masa puntual en
>  cero: se reporta
. * aparte y se excluye de la densidad, que solo describe la parte continua de 
> la distribución)
. local ceros ""

. foreach a in 2016 2018 2020 2022 2024 {
  2.     quietly summarize cero [aw = w_pers] if year == `a'
  3.     local pc : display %4.1f 100 * r(mean)
  4.     local ceros "`ceros'`a': `=strtrim("`pc'")'%; "
  5. }

. local ceros = substr("`ceros'", 1, length("`ceros'") - 2)

. di as res "Ingreso laboral cero: `ceros'"
Ingreso laboral cero: 2016: 25.6%; 2018: 29.1%; 2020: 28.6%; 2022: 29.3%; 2024:
>  29.7%

. gen double ingpc_pos = ingpc if ingpc > 0                  // parte continua 
> (ingreso positivo)
(164,241 missing values generated)

. dens_anios ingpc_pos [aw = w_pers], anios(2016 2018 2020 2022 2024) rango(0 3
> 0000) ///
>     xtitulo("Ingreso laboral per cápita mensual (pesos de enero de 2026)") //
> /
>     archivo("$out/Fig_5_5_enoe_densidad_ingreso.png") yformato(%9.5f) hformat
> o(%9.0fc) ///
>     nota("Nota: núcleo de Epanechnikov; h común = @H pesos (regla de Silverma
> n con los cinco años juntos); ponderado por personas." ///
>          "Solo hogares con ingreso laboral positivo; los de ingreso cero son 
> una masa puntual y no una densidad, y se excluyen:" ///
>          "`ceros'." "Cerca de cero la curva se subestima por el borde del sop
> orte. Se grafica hasta 30,000 pesos." ///
>          "$fte_enoe")
ingpc_pos: ancho de banda común h = 158
(523,296 missing values generated)
(523,296 missing values generated)
(523,296 missing values generated)
(523,296 missing values generated)
(523,296 missing values generated)
file C:/Users/lcastillo/Music/TAREA
    2/papers/output/Fig_5_5_enoe_densidad_ingreso.png saved as PNG format

. dens_anios ln_ingpc [aw = w_pers], anios(2016 2018 2020 2022 2024) rango(5 12
> ) ///
>     xtitulo("Logaritmo del ingreso laboral per cápita mensual") ///
>     archivo("$out/Fig_5_5_enoe_densidad_log_ingreso.png") xformato(%3.0f) yfo
> rmato(%3.1f) xlabel(5(1)12) ///
>     nota("Nota: núcleo de Epanechnikov; h común = @H (regla de Silverman con 
> los cinco años juntos); ponderado por personas." ///
>          "Hogares con ingreso laboral positivo; se grafica el rango de 5 a 12
> ." ///
>          "$fte_enoe")
ln_ingpc: ancho de banda común h = 0.057
(523,296 missing values generated)
(523,296 missing values generated)
(523,296 missing values generated)
(523,296 missing values generated)
(523,296 missing values generated)
file C:/Users/lcastillo/Music/TAREA
    2/papers/output/Fig_5_5_enoe_densidad_log_ingreso.png saved as PNG format

. foreach a in 2016 2018 2020 2022 2024 {
  2.     quietly summarize ln_ingpc [aw = w_pers] if year == `a', detail
  3.     di as txt "ENOE `a': media log = " %5.3f r(mean) "  mediana log = " %5
> .3f r(p50)
  4. }
ENOE 2016: media log = 7.770  mediana log = 7.835
ENOE 2018: media log = 7.797  mediana log = 7.855
ENOE 2020: media log = 7.714  mediana log = 7.777
ENOE 2022: media log = 7.885  mediana log = 7.952
ENOE 2024: media log = 7.974  mediana log = 8.040

. 
. log close
      name:  <unnamed>
       log:  C:/Users/lcastillo/Music/TAREA 2/log/P5_no_parametricos.log
  log type:  text
 closed on:  29 Sep 2026, 19:05:29
-------------------------------------------------------------------------------
